#
# There is insufficient memory for the Java Runtime Environment to continue.
# Native memory allocation (mmap) failed to map 4128768 bytes for G1 virtual space
# Possible reasons:
#   The system is out of physical RAM or swap space
#   The process is running with CompressedOops enabled, and the Java Heap may be blocking the growth of the native heap
# Possible solutions:
#   Reduce memory load on the system
#   Increase physical memory or swap space
#   Check if swap backing store is full
#   Decrease Java heap size (-Xmx/-Xms)
#   Decrease number of Java threads
#   Decrease Java thread stack sizes (-Xss)
#   Set larger code cache with -XX:ReservedCodeCacheSize=
#   JVM is running with Zero Based Compressed Oops mode in which the Java heap is
#     placed in the first 32GB address space. The Java Heap base address is the
#     maximum limit for the native heap growth. Please use -XX:HeapBaseMinAddress
#     to set the Java Heap base and to place the Java Heap above 32GB virtual address.
# This output file may be truncated or incomplete.
#
#  Out of Memory Error (os_windows.cpp:3825), pid=64428, tid=32532
#
# JRE version:  (17.0.10+10) (build )
# Java VM: OpenJDK 64-Bit Server VM (17.0.10+10-b829.27, mixed mode, sharing, tiered, compressed oops, compressed class ptrs, g1 gc, windows-amd64)
# No core dump will be written. Minidumps are not enabled by default on client versions of Windows
#

---------------  S U M M A R Y ------------

Command Line: git4idea.http.GitAskPassApp Username for 'https://github.com': 

Host: 13th Gen Intel(R) Core(TM) i5-13500H, 16 cores, 15G,  Windows 11 , 64 bit Build 26100 (10.0.26100.7920)
Time: Fri May 29 13:55:07 2026  Windows 11 , 64 bit Build 26100 (10.0.26100.7920) elapsed time: 1.827931 seconds (0d 0h 0m 1s)

---------------  T H R E A D  ---------------

Current thread (0x000001a8481bad40):  JavaThread "Unknown thread" [_thread_in_vm, id=32532, stack(0x00000037d1000000,0x00000037d1100000)]

Stack: [0x00000037d1000000,0x00000037d1100000]
Native frames: (J=compiled Java code, j=interpreted, Vv=VM code, C=native code)
V  [jvm.dll+0x688af9]
V  [jvm.dll+0x84157a]
V  [jvm.dll+0x84309e]
V  [jvm.dll+0x843703]
V  [jvm.dll+0x24ba8f]
V  [jvm.dll+0x6858c9]
V  [jvm.dll+0x67a17a]
V  [jvm.dll+0x30c7eb]
V  [jvm.dll+0x313c96]
V  [jvm.dll+0x363a43]
V  [jvm.dll+0x363c5f]
V  [jvm.dll+0x2e25b8]
V  [jvm.dll+0x2e3524]
V  [jvm.dll+0x812d81]
V  [jvm.dll+0x3718e1]
V  [jvm.dll+0x7f18e6]
V  [jvm.dll+0x3f553f]
V  [jvm.dll+0x3f7171]
C  [jli.dll+0x528f]
C  [ucrtbase.dll+0x37b0]
C  [KERNEL32.DLL+0x2e8d7]
C  [ntdll.dll+0x8c48c]


---------------  P R O C E S S  ---------------

Threads class SMR info:
_java_thread_list=0x00007ffdf211df58, length=0, elements={
}

Java Threads: ( => current thread )

Other Threads:
  0x000001a8482280d0 GCTaskThread "GC Thread#0" [stack: 0x00000037d1100000,0x00000037d1200000] [id=67824]
  0x000001a848238b30 ConcurrentGCThread "G1 Main Marker" [stack: 0x00000037d1200000,0x00000037d1300000] [id=42864]
  0x000001a848239460 ConcurrentGCThread "G1 Conc#0" [stack: 0x00000037d1300000,0x00000037d1400000] [id=27020]

[error occurred during error reporting (printing all threads), id 0xc0000005, EXCEPTION_ACCESS_VIOLATION (0xc0000005) at pc=0x00007ffdf18d3187]

VM state: not at safepoint (not fully initialized)

VM Mutex/Monitor currently owned by a thread:  ([mutex/lock_event])
[0x000001a8481b6750] Heap_lock - owner thread: 0x000001a8481bad40

Heap address: 0x0000000704000000, size: 4032 MB, Compressed Oops mode: Zero based, Oop shift amount: 3

CDS archive(s) mapped at: [0x0000000000000000-0x0000000000000000-0x0000000000000000), size 0, SharedBaseAddress: 0x0000000800000000, ArchiveRelocationMode: 1.
Narrow klass base: 0x0000000000000000, Narrow klass shift: 0, Narrow klass range: 0x0

GC Precious Log:
<Empty>

Heap:
 garbage-first heap   total 0K, used 0K [0x0000000704000000, 0x0000000800000000)
  region size 2048K, 0 young (0K), 0 survivors (0K)

[error occurred during error reporting (printing heap information), id 0xc0000005, EXCEPTION_ACCESS_VIOLATION (0xc0000005) at pc=0x00007ffdf1cc3139]

GC Heap History (0 events):
No events

Dll operation events (1 events):
Event: 0.006 Loaded shared library C:\Program Files\JetBrains\PyCharm 2023.1.3\jbr\bin\java.dll

Deoptimization events (0 events):
No events

Classes unloaded (0 events):
No events

Classes redefined (0 events):
No events

Internal exceptions (0 events):
No events

VM Operations (0 events):
No events

Events (0 events):
No events


Dynamic libraries:
0x00007ff7380b0000 - 0x00007ff7380ba000 	C:\Program Files\JetBrains\PyCharm 2023.1.3\jbr\bin\java.exe
0x00007fff08320000 - 0x00007fff08587000 	C:\WINDOWS\SYSTEM32\ntdll.dll
0x00007fff06e90000 - 0x00007fff06f59000 	C:\WINDOWS\System32\KERNEL32.DLL
0x00007fff05960000 - 0x00007fff05d51000 	C:\WINDOWS\System32\KERNELBASE.dll
0x00007fff04c00000 - 0x00007fff04d4b000 	C:\WINDOWS\System32\ucrtbase.dll
0x00007ffed4ab0000 - 0x00007ffed4ac7000 	C:\Program Files\JetBrains\PyCharm 2023.1.3\jbr\bin\jli.dll
0x00007ffed85d0000 - 0x00007ffed85eb000 	C:\Program Files\JetBrains\PyCharm 2023.1.3\jbr\bin\VCRUNTIME140.dll
0x00007fff065a0000 - 0x00007fff06765000 	C:\WINDOWS\System32\USER32.dll
0x00007ffef7620000 - 0x00007ffef78b3000 	C:\WINDOWS\WinSxS\amd64_microsoft.windows.common-controls_6595b64144ccf1df_6.0.26100.8037_none_3e092faae333b53b\COMCTL32.dll
0x00007fff05ea0000 - 0x00007fff05ec7000 	C:\WINDOWS\System32\win32u.dll
0x00007fff07310000 - 0x00007fff073b9000 	C:\WINDOWS\System32\msvcrt.dll
0x00007fff06da0000 - 0x00007fff06dcb000 	C:\WINDOWS\System32\GDI32.dll
0x00007fff05ed0000 - 0x00007fff05ffb000 	C:\WINDOWS\System32\gdi32full.dll
0x00007fff05d60000 - 0x00007fff05e03000 	C:\WINDOWS\System32\msvcp_win.dll
0x00007fff06cd0000 - 0x00007fff06d01000 	C:\WINDOWS\System32\IMM32.DLL
0x00007ffef6ff0000 - 0x00007ffef6ffc000 	C:\Program Files\JetBrains\PyCharm 2023.1.3\jbr\bin\vcruntime140_1.dll
0x00007ffeb43e0000 - 0x00007ffeb446d000 	C:\Program Files\JetBrains\PyCharm 2023.1.3\jbr\bin\msvcp140.dll
0x00007ffdf15e0000 - 0x00007ffdf2252000 	C:\Program Files\JetBrains\PyCharm 2023.1.3\jbr\bin\server\jvm.dll
0x00007fff070f0000 - 0x00007fff071ab000 	C:\WINDOWS\System32\ADVAPI32.dll
0x00007fff06f60000 - 0x00007fff07007000 	C:\WINDOWS\System32\sechost.dll
0x00007fff06480000 - 0x00007fff06598000 	C:\WINDOWS\System32\RPCRT4.dll
0x00007fff04a60000 - 0x00007fff04abe000 	C:\WINDOWS\SYSTEM32\POWRPROF.dll
0x00007ffefd420000 - 0x00007ffefd455000 	C:\WINDOWS\SYSTEM32\WINMM.dll
0x00007ffe832a0000 - 0x00007ffe832aa000 	C:\WINDOWS\SYSTEM32\WSOCK32.dll
0x00007ffefd410000 - 0x00007ffefd41b000 	C:\WINDOWS\SYSTEM32\VERSION.dll
0x00007fff06d10000 - 0x00007fff06d84000 	C:\WINDOWS\System32\WS2_32.dll
0x00007fff04a40000 - 0x00007fff04a54000 	C:\WINDOWS\SYSTEM32\UMPDC.dll
0x00007fff03990000 - 0x00007fff039ab000 	C:\WINDOWS\SYSTEM32\kernel.appcore.dll
0x00007ffef0c70000 - 0x00007ffef0c7a000 	C:\Program Files\JetBrains\PyCharm 2023.1.3\jbr\bin\jimage.dll
0x00007fff029b0000 - 0x00007fff02bf2000 	C:\WINDOWS\SYSTEM32\DBGHELP.DLL
0x00007fff073c0000 - 0x00007fff07742000 	C:\WINDOWS\System32\combase.dll
0x00007fff07010000 - 0x00007fff070e7000 	C:\WINDOWS\System32\OLEAUT32.dll
0x00007ffefd3d0000 - 0x00007ffefd40b000 	C:\WINDOWS\SYSTEM32\dbgcore.DLL
0x00007fff04d50000 - 0x00007fff04df5000 	C:\WINDOWS\System32\bcryptPrimitives.dll
0x00007ffef0590000 - 0x00007ffef05b5000 	C:\Program Files\JetBrains\PyCharm 2023.1.3\jbr\bin\java.dll

dbghelp: loaded successfully - version: 4.0.5 - missing functions: none
symbol engine: initialized successfully - sym options: 0x614 - pdb path: .;C:\Program Files\JetBrains\PyCharm 2023.1.3\jbr\bin;C:\WINDOWS\SYSTEM32;C:\WINDOWS\WinSxS\amd64_microsoft.windows.common-controls_6595b64144ccf1df_6.0.26100.8037_none_3e092faae333b53b;C:\Program Files\JetBrains\PyCharm 2023.1.3\jbr\bin\server

VM Arguments:
java_command: git4idea.http.GitAskPassApp Username for 'https://github.com': 
java_class_path (initial): C:/Program Files/JetBrains/PyCharm 2023.1.3/plugins/vcs-git/lib/git4idea-rt.jar;C:/Program Files/JetBrains/PyCharm 2023.1.3/lib/externalProcess-rt.jar
Launcher Type: SUN_STANDARD

[Global flags]
     intx CICompilerCount                          = 12                                        {product} {ergonomic}
     uint ConcGCThreads                            = 3                                         {product} {ergonomic}
     uint G1ConcRefinementThreads                  = 13                                        {product} {ergonomic}
   size_t G1HeapRegionSize                         = 2097152                                   {product} {ergonomic}
    uintx GCDrainStackTargetSize                   = 64                                        {product} {ergonomic}
   size_t InitialHeapSize                          = 264241152                                 {product} {ergonomic}
   size_t MarkStackSize                            = 4194304                                   {product} {ergonomic}
   size_t MaxHeapSize                              = 4227858432                                {product} {ergonomic}
   size_t MinHeapDeltaBytes                        = 2097152                                   {product} {ergonomic}
   size_t MinHeapSize                              = 8388608                                   {product} {ergonomic}
    uintx NonNMethodCodeHeapSize                   = 7602480                                {pd product} {ergonomic}
    uintx NonProfiledCodeHeapSize                  = 122027880                              {pd product} {ergonomic}
    uintx ProfiledCodeHeapSize                     = 122027880                              {pd product} {ergonomic}
    uintx ReservedCodeCacheSize                    = 251658240                              {pd product} {ergonomic}
     bool SegmentedCodeCache                       = true                                      {product} {ergonomic}
   size_t SoftMaxHeapSize                          = 4227858432                             {manageable} {ergonomic}
     bool UseCompressedClassPointers               = true                           {product lp64_product} {ergonomic}
     bool UseCompressedOops                        = true                           {product lp64_product} {ergonomic}
     bool UseG1GC                                  = true                                      {product} {ergonomic}
     bool UseLargePagesIndividualAllocation        = false                                  {pd product} {ergonomic}

Logging:
Log output configuration:
 #0: stdout all=warning uptime,level,tags
 #1: stderr all=off uptime,level,tags

Environment Variables:
PATH=C:\Program Files\Git\mingw64\libexec\git-core;C:\Program Files\Git\mingw64\libexec\git-core;C:\Program Files\Git\mingw64\bin;C:\Program Files\Git\usr\bin;C:\Users\Nelli\bin;C:\WINDOWS\system32;C:\WINDOWS;C:\WINDOWS\System32\Wbem;C:\WINDOWS\System32\WindowsPowerShell\v1.0;C:\WINDOWS\System32\OpenSSH;C:\texlive\2023\bin\windows;C:\Users\Nelli\AppData\Roaming\Microsoft\Windows\Start Menu\Programs;C:\Program Files\Microsoft SQL Server\150\Tools\Binn;D:\MinGW\mingw64\bin;C:\Program Files\Microsoft Visual Studio\2022\Community\VC\Tools\MSVC\14.37.32822\bin\Hostx64\x86;C:\Program Files\Git\cmd;D:\Anaconda11;D:\Anaconda11\Scripts;D:\Anaconda11\condabin;C:\Users\Nelli\AppData\Roaming\Python\Python312\Scripts;C:\Program Files\PuTTY;C:\Program Files (x86)\cloudflared;C:\Users\Nelli\AppData\Local\Programs\Python\Python39\Scripts;C:\Users\Nelli\AppData\Local\Programs\Python\Python39;C:\Users\Nelli\AppData\Local\Microsoft\WindowsApps;C:\Program Files\JetBrains\PyCharm 2023.1.3\bin;C:\Program Files\JetBrains\CLion 2023.2.2\bin;D:\Microsoft VS Code\bin;D:\Anaconda11\Scripts;D:\Anaconda11\Library\bin;D:\Anaconda11;C:\texlive\2024\bin\windows
USERNAME=Nelli
DISPLAY=:0.0
LC_ALL=en_US.UTF-8
TERM=xterm-256color
TMPDIR=C:\Users\Nelli\AppData\Local\Temp
OS=Windows_NT
PROCESSOR_IDENTIFIER=Intel64 Family 6 Model 186 Stepping 2, GenuineIntel
TMP=C:\Users\Nelli\AppData\Local\Temp
TEMP=C:\Users\Nelli\AppData\Local\Temp



Periodic native trim disabled

JNI global refs:

[error occurred during error reporting (JNI global references), id 0xc0000005, EXCEPTION_ACCESS_VIOLATION (0xc0000005) at pc=0x00007ffdf16982f0]


---------------  S Y S T E M  ---------------

OS:
 Windows 11 , 64 bit Build 26100 (10.0.26100.7920)
OS uptime: 31 days 0:19 hours
Hyper-V role detected

CPU: total 16 (initial active 16) (8 cores per cpu, 2 threads per core) family 6 model 186 stepping 2 microcode 0x410e, cx8, cmov, fxsr, ht, mmx, 3dnowpref, sse, sse2, sse3, ssse3, sse4.1, sse4.2, popcnt, lzcnt, tsc, tscinvbit, avx, avx2, aes, erms, clmul, bmi1, bmi2, adx, sha, fma, vzeroupper, clflush, clflushopt, clwb, hv
Processor Information for processor 0
  Max Mhz: 2600, Current Mhz: 2600, Mhz Limit: 2600
Processor Information for processor 1
  Max Mhz: 2600, Current Mhz: 2600, Mhz Limit: 2600
Processor Information for processor 2
  Max Mhz: 2600, Current Mhz: 2600, Mhz Limit: 2600
Processor Information for processor 3
  Max Mhz: 2600, Current Mhz: 2600, Mhz Limit: 2600
Processor Information for processor 4
  Max Mhz: 2600, Current Mhz: 2600, Mhz Limit: 2600
Processor Information for processor 5
  Max Mhz: 2600, Current Mhz: 1496, Mhz Limit: 2600
Processor Information for processor 6
  Max Mhz: 2600, Current Mhz: 2600, Mhz Limit: 2600
Processor Information for processor 7
  Max Mhz: 2600, Current Mhz: 2600, Mhz Limit: 2600
Processor Information for processor 8
  Max Mhz: 2600, Current Mhz: 2600, Mhz Limit: 2600
Processor Information for processor 9
  Max Mhz: 2600, Current Mhz: 1505, Mhz Limit: 2600
Processor Information for processor 10
  Max Mhz: 2600, Current Mhz: 1505, Mhz Limit: 2600
Processor Information for processor 11
  Max Mhz: 2600, Current Mhz: 2600, Mhz Limit: 2600
Processor Information for processor 12
  Max Mhz: 2600, Current Mhz: 2600, Mhz Limit: 2600
Processor Information for processor 13
  Max Mhz: 2600, Current Mhz: 1505, Mhz Limit: 2600
Processor Information for processor 14
  Max Mhz: 2600, Current Mhz: 2600, Mhz Limit: 2600
Processor Information for processor 15
  Max Mhz: 2600, Current Mhz: 1505, Mhz Limit: 2600

Memory: 4k page, system-wide physical 16123M (1683M free)
TotalPageFile size 65275M (AvailPageFile size 1M)
current process WorkingSet (physical memory assigned to process): 12M, peak: 12M
current process commit charge ("private bytes"): 323M, peak: 327M

vm_info: OpenJDK 64-Bit Server VM (17.0.10+10-b829.27) for windows-amd64 JRE (17.0.10+10-b829.27), built on 2024-03-18 by "builduser" with MS VC++ 16.10 / 16.11 (VS2019)

END.
